To honour the JVM settings for this build a single-use Daemon process will be forked. For more on this, please refer to https://docs.gradle.org/8.7/userguide/gradle_daemon.html#sec:disabling_the_daemon in the Gradle documentation.
Daemon will be stopped at the end of the build 
WARNING: We recommend using a newer Android Gradle plugin to use compileSdk = 35

This Android Gradle plugin (8.5.2) was tested up to compileSdk = 34.

You are strongly encouraged to update your project to use a newer
Android Gradle plugin that has been tested with compileSdk = 35.

If you are already using the latest version of the Android Gradle plugin,
you may need to wait until a newer version with support for compileSdk = 35 is available.

For more information refer to the compatibility table:
https://d.android.com/r/tools/api-level-support

To suppress this warning, add/update
    android.suppressUnsupportedCompileSdk=35
to this project's gradle.properties.
Checking the license for package Android SDK Build-Tools 34 in E:\tools\android-sdk\licenses
License for package Android SDK Build-Tools 34 accepted.
Preparing "Install Android SDK Build-Tools 34 v.34.0.0".
"Install Android SDK Build-Tools 34 v.34.0.0" ready.
Installing Android SDK Build-Tools 34 in E:\tools\android-sdk\build-tools\34.0.0
"Install Android SDK Build-Tools 34 v.34.0.0" complete.
"Install Android SDK Build-Tools 34 v.34.0.0" finished.
> Task :probe:preBuild UP-TO-DATE
> Task :probe:preDebugBuild UP-TO-DATE
> Task :probe:mergeDebugNativeDebugMetadata NO-SOURCE
> Task :probe:checkKotlinGradlePluginConfigurationErrors SKIPPED
> Task :probe:checkDebugAarMetadata
> Task :probe:generateDebugResValues
> Task :probe:mapDebugSourceSetPaths
> Task :probe:generateDebugResources
> Task :probe:packageDebugResources
> Task :probe:mergeDebugResources
> Task :probe:createDebugCompatibleScreenManifests
> Task :probe:extractDeepLinksDebug
> Task :probe:parseDebugLocalResources
> Task :probe:processDebugMainManifest
> Task :probe:processDebugManifest
> Task :probe:mergeDebugShaders
> Task :probe:javaPreCompileDebug
> Task :probe:compileDebugShaders NO-SOURCE
> Task :probe:generateDebugAssets UP-TO-DATE
> Task :probe:mergeDebugAssets
> Task :probe:compressDebugAssets
> Task :probe:desugarDebugFileDependencies
> Task :probe:mergeDebugStartupProfile
> Task :probe:mergeDebugJniLibFolders
> Task :probe:checkDebugDuplicateClasses
> Task :probe:mergeDebugNativeLibs
> Task :probe:processDebugManifestForPackage
> Task :probe:mergeExtDexDebug
> Task :probe:mergeLibDexDebug

> Task :probe:stripDebugDebugSymbols
Unable to strip the following libraries, packaging them as they are: libandroidx.graphics.path.so.

> Task :probe:validateSigningDebug
> Task :probe:writeDebugAppMetadata
> Task :probe:writeDebugSigningConfigVersions
> Task :probe:processDebugResources
> Task :probe:kspDebugKotlin
> Task :probe:compileDebugKotlin
> Task :probe:compileDebugJavaWithJavac
> Task :probe:dexBuilderDebug
> Task :probe:mergeDebugGlobalSynthetics
> Task :probe:processDebugJavaRes
> Task :probe:mergeProjectDexDebug
> Task :probe:mergeDebugJavaResource
> Task :probe:packageDebug
> Task :probe:createDebugApkListingFileRedirect
> Task :probe:assembleDebug

BUILD SUCCESSFUL in 3m 13s
38 actionable tasks: 38 executed
